Archive member included because of file (symbol)

c:/program files (x86)/atmel/atmel toolchain/avr8 gcc/native/3.4.1061/avr8-gnu-toolchain/bin/../lib/gcc/avr/4.8.1/avrxmega6\libgcc.a(_exit.o)
                              c:/program files (x86)/atmel/atmel toolchain/avr8 gcc/native/3.4.1061/avr8-gnu-toolchain/bin/../lib/gcc/avr/4.8.1/../../../../avr/lib/avrxmega6/crtx128a3u.o (exit)
c:/program files (x86)/atmel/atmel toolchain/avr8 gcc/native/3.4.1061/avr8-gnu-toolchain/bin/../lib/gcc/avr/4.8.1/avrxmega6\libgcc.a(_tablejump.o)
                              XMegaLib.o (__tablejump2__)
c:/program files (x86)/atmel/atmel toolchain/avr8 gcc/native/3.4.1061/avr8-gnu-toolchain/bin/../lib/gcc/avr/4.8.1/avrxmega6\libgcc.a(_copy_data.o)
                              Drive.o (__do_copy_data)
c:/program files (x86)/atmel/atmel toolchain/avr8 gcc/native/3.4.1061/avr8-gnu-toolchain/bin/../lib/gcc/avr/4.8.1/avrxmega6\libgcc.a(_clear_bss.o)
                              BasicBrainBoard.o (__do_clear_bss)

Discarded input sections

 .data          0x00000000        0x0 c:/program files (x86)/atmel/atmel toolchain/avr8 gcc/native/3.4.1061/avr8-gnu-toolchain/bin/../lib/gcc/avr/4.8.1/../../../../avr/lib/avrxmega6/crtx128a3u.o
 .bss           0x00000000        0x0 c:/program files (x86)/atmel/atmel toolchain/avr8 gcc/native/3.4.1061/avr8-gnu-toolchain/bin/../lib/gcc/avr/4.8.1/../../../../avr/lib/avrxmega6/crtx128a3u.o
 .text          0x00000000        0x0 Arm.o
 .data          0x00000000        0x0 Arm.o
 .bss           0x00000000        0x0 Arm.o
 .text          0x00000000        0x0 BasicBrainBoard.o
 .data          0x00000000        0x0 BasicBrainBoard.o
 .bss           0x00000000        0x0 BasicBrainBoard.o
 .text._Z13SendStringArmPc
                0x00000000       0x20 BasicBrainBoard.o
 .text._Z9debugMainv
                0x00000000        0x2 BasicBrainBoard.o
 .text          0x00000000        0x0 ComputerInterface.o
 .data          0x00000000        0x0 ComputerInterface.o
 .bss           0x00000000        0x0 ComputerInterface.o
 .bss.sendBuffer
                0x00000000       0x64 ComputerInterface.o
 .text          0x00000000        0x0 Debug.o
 .data          0x00000000        0x0 Debug.o
 .bss           0x00000000        0x0 Debug.o
 .debug_info    0x00000000       0x64 Debug.o
 .debug_abbrev  0x00000000       0x26 Debug.o
 .debug_aranges
                0x00000000       0x18 Debug.o
 .debug_line    0x00000000       0x1a Debug.o
 .debug_str     0x00000000      0x1cd Debug.o
 .comment       0x00000000       0x31 Debug.o
 .text          0x00000000        0x0 Drive.o
 .data          0x00000000        0x0 Drive.o
 .bss           0x00000000        0x0 Drive.o
 .text._Z19SendStringSABER_DOSPc
                0x00000000       0x20 Drive.o
 .text._Z20SendStringSABER_TRESPc
                0x00000000       0x20 Drive.o
 .text._Z14Saber_init_dosv
                0x00000000       0x4c Drive.o
 .text._Z15Saber_init_tresv
                0x00000000       0x4c Drive.o
 .text._Z13SendStringGimPc
                0x00000000       0x20 Drive.o
 .text._Z8ARM_INITv
                0x00000000       0x4c Drive.o
 .text._Z12GIM_BAL_INITv
                0x00000000       0x4c Drive.o
 .text          0x00000000        0x0 Radio.o
 .data          0x00000000        0x0 Radio.o
 .bss           0x00000000        0x0 Radio.o
 .text          0x00000000        0x0 usart_driver.o
 .data          0x00000000        0x0 usart_driver.o
 .bss           0x00000000        0x0 usart_driver.o
 .text.USART_InterruptDriver_DreInterruptLevel_Set
                0x00000000        0x6 usart_driver.o
 .text.USART_TXBuffer_FreeSpace
                0x00000000       0x14 usart_driver.o
 .text.USART_TXBuffer_PutByte
                0x00000000       0x38 usart_driver.o
 .text.USART_NineBits_PutChar
                0x00000000       0x18 usart_driver.o
 .text.USART_NineBits_GetChar
                0x00000000       0x18 usart_driver.o
 .text          0x00000000        0x0 XMegaLib.o
 .data          0x00000000        0x0 XMegaLib.o
 .bss           0x00000000        0x0 XMegaLib.o
 .text._ZN10armInfoObjC2Ev
                0x00000000        0xa XMegaLib.o
 .text._ZN10armInfoObj23checkIfNewDataAvailableEv
                0x00000000        0x6 XMegaLib.o
 .text._ZN10armInfoObj13getXAxisValueEv
                0x00000000        0x8 XMegaLib.o
 .text._ZN10armInfoObj13getYAxisValueEv
                0x00000000        0x8 XMegaLib.o
 .text._ZN10armInfoObj12getZAxisModeEv
                0x00000000        0x8 XMegaLib.o
 .text._ZN10armInfoObj14setGripSuccessEb
                0x00000000       0x14 XMegaLib.o
 .text._ZN10armInfoObj18setActionsCompleteEb
                0x00000000        0xa XMegaLib.o
 .text._ZN10armInfoObj9setXYAxesEhh
                0x00000000        0xc XMegaLib.o
 .text._ZN10armInfoObj8setZModeEh
                0x00000000       0x3c XMegaLib.o
 .text._ZN10armInfoObj11setInitModeEb
                0x00000000       0x14 XMegaLib.o
 .text._ZN10armInfoObj10sendPacketEv
                0x00000000        0xa XMegaLib.o
 .text          0x00000000        0x0 c:/program files (x86)/atmel/atmel toolchain/avr8 gcc/native/3.4.1061/avr8-gnu-toolchain/bin/../lib/gcc/avr/4.8.1/avrxmega6\libgcc.a(_exit.o)
 .data          0x00000000        0x0 c:/program files (x86)/atmel/atmel toolchain/avr8 gcc/native/3.4.1061/avr8-gnu-toolchain/bin/../lib/gcc/avr/4.8.1/avrxmega6\libgcc.a(_exit.o)
 .bss           0x00000000        0x0 c:/program files (x86)/atmel/atmel toolchain/avr8 gcc/native/3.4.1061/avr8-gnu-toolchain/bin/../lib/gcc/avr/4.8.1/avrxmega6\libgcc.a(_exit.o)
 .text.libgcc.mul
                0x00000000        0x0 c:/program files (x86)/atmel/atmel toolchain/avr8 gcc/native/3.4.1061/avr8-gnu-toolchain/bin/../lib/gcc/avr/4.8.1/avrxmega6\libgcc.a(_exit.o)
 .text.libgcc.div
                0x00000000        0x0 c:/program files (x86)/atmel/atmel toolchain/avr8 gcc/native/3.4.1061/avr8-gnu-toolchain/bin/../lib/gcc/avr/4.8.1/avrxmega6\libgcc.a(_exit.o)
 .text.libgcc   0x00000000        0x0 c:/program files (x86)/atmel/atmel toolchain/avr8 gcc/native/3.4.1061/avr8-gnu-toolchain/bin/../lib/gcc/avr/4.8.1/avrxmega6\libgcc.a(_exit.o)
 .text.libgcc.prologue
                0x00000000        0x0 c:/program files (x86)/atmel/atmel toolchain/avr8 gcc/native/3.4.1061/avr8-gnu-toolchain/bin/../lib/gcc/avr/4.8.1/avrxmega6\libgcc.a(_exit.o)
 .text.libgcc.builtins
                0x00000000        0x0 c:/program files (x86)/atmel/atmel toolchain/avr8 gcc/native/3.4.1061/avr8-gnu-toolchain/bin/../lib/gcc/avr/4.8.1/avrxmega6\libgcc.a(_exit.o)
 .text.libgcc.fmul
                0x00000000        0x0 c:/program files (x86)/atmel/atmel toolchain/avr8 gcc/native/3.4.1061/avr8-gnu-toolchain/bin/../lib/gcc/avr/4.8.1/avrxmega6\libgcc.a(_exit.o)
 .text.libgcc.fixed
                0x00000000        0x0 c:/program files (x86)/atmel/atmel toolchain/avr8 gcc/native/3.4.1061/avr8-gnu-toolchain/bin/../lib/gcc/avr/4.8.1/avrxmega6\libgcc.a(_exit.o)
 .text          0x00000000        0x0 c:/program files (x86)/atmel/atmel toolchain/avr8 gcc/native/3.4.1061/avr8-gnu-toolchain/bin/../lib/gcc/avr/4.8.1/avrxmega6\libgcc.a(_tablejump.o)
 .data          0x00000000        0x0 c:/program files (x86)/atmel/atmel toolchain/avr8 gcc/native/3.4.1061/avr8-gnu-toolchain/bin/../lib/gcc/avr/4.8.1/avrxmega6\libgcc.a(_tablejump.o)
 .bss           0x00000000        0x0 c:/program files (x86)/atmel/atmel toolchain/avr8 gcc/native/3.4.1061/avr8-gnu-toolchain/bin/../lib/gcc/avr/4.8.1/avrxmega6\libgcc.a(_tablejump.o)
 .text.libgcc.mul
                0x00000000        0x0 c:/program files (x86)/atmel/atmel toolchain/avr8 gcc/native/3.4.1061/avr8-gnu-toolchain/bin/../lib/gcc/avr/4.8.1/avrxmega6\libgcc.a(_tablejump.o)
 .text.libgcc.div
                0x00000000        0x0 c:/program files (x86)/atmel/atmel toolchain/avr8 gcc/native/3.4.1061/avr8-gnu-toolchain/bin/../lib/gcc/avr/4.8.1/avrxmega6\libgcc.a(_tablejump.o)
 .text.libgcc.prologue
                0x00000000        0x0 c:/program files (x86)/atmel/atmel toolchain/avr8 gcc/native/3.4.1061/avr8-gnu-toolchain/bin/../lib/gcc/avr/4.8.1/avrxmega6\libgcc.a(_tablejump.o)
 .text.libgcc.builtins
                0x00000000        0x0 c:/program files (x86)/atmel/atmel toolchain/avr8 gcc/native/3.4.1061/avr8-gnu-toolchain/bin/../lib/gcc/avr/4.8.1/avrxmega6\libgcc.a(_tablejump.o)
 .text.libgcc.fmul
                0x00000000        0x0 c:/program files (x86)/atmel/atmel toolchain/avr8 gcc/native/3.4.1061/avr8-gnu-toolchain/bin/../lib/gcc/avr/4.8.1/avrxmega6\libgcc.a(_tablejump.o)
 .text.libgcc.fixed
                0x00000000        0x0 c:/program files (x86)/atmel/atmel toolchain/avr8 gcc/native/3.4.1061/avr8-gnu-toolchain/bin/../lib/gcc/avr/4.8.1/avrxmega6\libgcc.a(_tablejump.o)
 .text          0x00000000        0x0 c:/program files (x86)/atmel/atmel toolchain/avr8 gcc/native/3.4.1061/avr8-gnu-toolchain/bin/../lib/gcc/avr/4.8.1/avrxmega6\libgcc.a(_copy_data.o)
 .data          0x00000000        0x0 c:/program files (x86)/atmel/atmel toolchain/avr8 gcc/native/3.4.1061/avr8-gnu-toolchain/bin/../lib/gcc/avr/4.8.1/avrxmega6\libgcc.a(_copy_data.o)
 .bss           0x00000000        0x0 c:/program files (x86)/atmel/atmel toolchain/avr8 gcc/native/3.4.1061/avr8-gnu-toolchain/bin/../lib/gcc/avr/4.8.1/avrxmega6\libgcc.a(_copy_data.o)
 .text.libgcc.mul
                0x00000000        0x0 c:/program files (x86)/atmel/atmel toolchain/avr8 gcc/native/3.4.1061/avr8-gnu-toolchain/bin/../lib/gcc/avr/4.8.1/avrxmega6\libgcc.a(_copy_data.o)
 .text.libgcc.div
                0x00000000        0x0 c:/program files (x86)/atmel/atmel toolchain/avr8 gcc/native/3.4.1061/avr8-gnu-toolchain/bin/../lib/gcc/avr/4.8.1/avrxmega6\libgcc.a(_copy_data.o)
 .text.libgcc   0x00000000        0x0 c:/program files (x86)/atmel/atmel toolchain/avr8 gcc/native/3.4.1061/avr8-gnu-toolchain/bin/../lib/gcc/avr/4.8.1/avrxmega6\libgcc.a(_copy_data.o)
 .text.libgcc.prologue
                0x00000000        0x0 c:/program files (x86)/atmel/atmel toolchain/avr8 gcc/native/3.4.1061/avr8-gnu-toolchain/bin/../lib/gcc/avr/4.8.1/avrxmega6\libgcc.a(_copy_data.o)
 .text.libgcc.builtins
                0x00000000        0x0 c:/program files (x86)/atmel/atmel toolchain/avr8 gcc/native/3.4.1061/avr8-gnu-toolchain/bin/../lib/gcc/avr/4.8.1/avrxmega6\libgcc.a(_copy_data.o)
 .text.libgcc.fmul
                0x00000000        0x0 c:/program files (x86)/atmel/atmel toolchain/avr8 gcc/native/3.4.1061/avr8-gnu-toolchain/bin/../lib/gcc/avr/4.8.1/avrxmega6\libgcc.a(_copy_data.o)
 .text.libgcc.fixed
                0x00000000        0x0 c:/program files (x86)/atmel/atmel toolchain/avr8 gcc/native/3.4.1061/avr8-gnu-toolchain/bin/../lib/gcc/avr/4.8.1/avrxmega6\libgcc.a(_copy_data.o)
 .text          0x00000000        0x0 c:/program files (x86)/atmel/atmel toolchain/avr8 gcc/native/3.4.1061/avr8-gnu-toolchain/bin/../lib/gcc/avr/4.8.1/avrxmega6\libgcc.a(_clear_bss.o)
 .data          0x00000000        0x0 c:/program files (x86)/atmel/atmel toolchain/avr8 gcc/native/3.4.1061/avr8-gnu-toolchain/bin/../lib/gcc/avr/4.8.1/avrxmega6\libgcc.a(_clear_bss.o)
 .bss           0x00000000        0x0 c:/program files (x86)/atmel/atmel toolchain/avr8 gcc/native/3.4.1061/avr8-gnu-toolchain/bin/../lib/gcc/avr/4.8.1/avrxmega6\libgcc.a(_clear_bss.o)
 .text.libgcc.mul
                0x00000000        0x0 c:/program files (x86)/atmel/atmel toolchain/avr8 gcc/native/3.4.1061/avr8-gnu-toolchain/bin/../lib/gcc/avr/4.8.1/avrxmega6\libgcc.a(_clear_bss.o)
 .text.libgcc.div
                0x00000000        0x0 c:/program files (x86)/atmel/atmel toolchain/avr8 gcc/native/3.4.1061/avr8-gnu-toolchain/bin/../lib/gcc/avr/4.8.1/avrxmega6\libgcc.a(_clear_bss.o)
 .text.libgcc   0x00000000        0x0 c:/program files (x86)/atmel/atmel toolchain/avr8 gcc/native/3.4.1061/avr8-gnu-toolchain/bin/../lib/gcc/avr/4.8.1/avrxmega6\libgcc.a(_clear_bss.o)
 .text.libgcc.prologue
                0x00000000        0x0 c:/program files (x86)/atmel/atmel toolchain/avr8 gcc/native/3.4.1061/avr8-gnu-toolchain/bin/../lib/gcc/avr/4.8.1/avrxmega6\libgcc.a(_clear_bss.o)
 .text.libgcc.builtins
                0x00000000        0x0 c:/program files (x86)/atmel/atmel toolchain/avr8 gcc/native/3.4.1061/avr8-gnu-toolchain/bin/../lib/gcc/avr/4.8.1/avrxmega6\libgcc.a(_clear_bss.o)
 .text.libgcc.fmul
                0x00000000        0x0 c:/program files (x86)/atmel/atmel toolchain/avr8 gcc/native/3.4.1061/avr8-gnu-toolchain/bin/../lib/gcc/avr/4.8.1/avrxmega6\libgcc.a(_clear_bss.o)
 .text.libgcc.fixed
                0x00000000        0x0 c:/program files (x86)/atmel/atmel toolchain/avr8 gcc/native/3.4.1061/avr8-gnu-toolchain/bin/../lib/gcc/avr/4.8.1/avrxmega6\libgcc.a(_clear_bss.o)

Memory Configuration

Name             Origin             Length             Attributes
text             0x00000000         0x00100000         xr
data             0x00802000         0x0000ffa0         rw !x
eeprom           0x00810000         0x00010000         rw !x
fuse             0x00820000         0x00000400         rw !x
lock             0x00830000         0x00000400         rw !x
signature        0x00840000         0x00000400         rw !x
user_signatures  0x00850000         0x00000400         rw !x
*default*        0x00000000         0xffffffff

Linker script and memory map

LOAD c:/program files (x86)/atmel/atmel toolchain/avr8 gcc/native/3.4.1061/avr8-gnu-toolchain/bin/../lib/gcc/avr/4.8.1/../../../../avr/lib/avrxmega6/crtx128a3u.o
LOAD Arm.o
LOAD BasicBrainBoard.o
LOAD ComputerInterface.o
LOAD Debug.o
LOAD Drive.o
LOAD Radio.o
LOAD usart_driver.o
LOAD XMegaLib.o
START GROUP
LOAD c:/program files (x86)/atmel/atmel toolchain/avr8 gcc/native/3.4.1061/avr8-gnu-toolchain/bin/../lib/gcc/avr/4.8.1/../../../../avr/lib/avrxmega6\libm.a
END GROUP
LOAD c:/program files (x86)/atmel/atmel toolchain/avr8 gcc/native/3.4.1061/avr8-gnu-toolchain/bin/../lib/gcc/avr/4.8.1/avrxmega6\libgcc.a
LOAD c:/program files (x86)/atmel/atmel toolchain/avr8 gcc/native/3.4.1061/avr8-gnu-toolchain/bin/../lib/gcc/avr/4.8.1/../../../../avr/lib/avrxmega6\libm.a
START GROUP
LOAD c:/program files (x86)/atmel/atmel toolchain/avr8 gcc/native/3.4.1061/avr8-gnu-toolchain/bin/../lib/gcc/avr/4.8.1/avrxmega6\libgcc.a
LOAD c:/program files (x86)/atmel/atmel toolchain/avr8 gcc/native/3.4.1061/avr8-gnu-toolchain/bin/../lib/gcc/avr/4.8.1/../../../../avr/lib/avrxmega6\libm.a
LOAD c:/program files (x86)/atmel/atmel toolchain/avr8 gcc/native/3.4.1061/avr8-gnu-toolchain/bin/../lib/gcc/avr/4.8.1/../../../../avr/lib/avrxmega6\libc.a
END GROUP

.hash
 *(.hash)

.dynsym
 *(.dynsym)

.dynstr
 *(.dynstr)

.gnu.version
 *(.gnu.version)

.gnu.version_d
 *(.gnu.version_d)

.gnu.version_r
 *(.gnu.version_r)

.rel.init
 *(.rel.init)

.rela.init
 *(.rela.init)

.rel.text
 *(.rel.text)
 *(.rel.text.*)
 *(.rel.gnu.linkonce.t*)

.rela.text
 *(.rela.text)
 *(.rela.text.*)
 *(.rela.gnu.linkonce.t*)

.rel.fini
 *(.rel.fini)

.rela.fini
 *(.rela.fini)

.rel.rodata
 *(.rel.rodata)
 *(.rel.rodata.*)
 *(.rel.gnu.linkonce.r*)

.rela.rodata
 *(.rela.rodata)
 *(.rela.rodata.*)
 *(.rela.gnu.linkonce.r*)

.rel.data
 *(.rel.data)
 *(.rel.data.*)
 *(.rel.gnu.linkonce.d*)

.rela.data
 *(.rela.data)
 *(.rela.data.*)
 *(.rela.gnu.linkonce.d*)

.rel.ctors
 *(.rel.ctors)

.rela.ctors
 *(.rela.ctors)

.rel.dtors
 *(.rel.dtors)

.rela.dtors
 *(.rela.dtors)

.rel.got
 *(.rel.got)

.rela.got
 *(.rela.got)

.rel.bss
 *(.rel.bss)

.rela.bss
 *(.rela.bss)

.rel.plt
 *(.rel.plt)

.rela.plt
 *(.rela.plt)

.text           0x00000000      0xbdc
 *(.vectors)
 .vectors       0x00000000      0x1fc c:/program files (x86)/atmel/atmel toolchain/avr8 gcc/native/3.4.1061/avr8-gnu-toolchain/bin/../lib/gcc/avr/4.8.1/../../../../avr/lib/avrxmega6/crtx128a3u.o
                0x00000000                __vector_default
                0x00000000                __vectors
 *(.vectors)
 *(.progmem.gcc*)
 .progmem.gcc_sw_table._Z11RGBSetColor9RGBColors
                0x000001fc        0xe XMegaLib.o
                0x0000020a                . = ALIGN (0x2)
                0x0000020a                __trampolines_start = .
 *(.trampolines)
 .trampolines   0x0000020a        0x0 linker stubs
 *(.trampolines*)
                0x0000020a                __trampolines_end = .
 *(.progmem*)
                0x0000020a                . = ALIGN (0x2)
 *(.jumptables)
 *(.jumptables*)
 *(.lowtext)
 *(.lowtext*)
                0x0000020a                __ctors_start = .
 *(.ctors)
                0x0000020a                __ctors_end = .
                0x0000020a                __dtors_start = .
 *(.dtors)
                0x0000020a                __dtors_end = .
 SORT(*)(.ctors)
 SORT(*)(.dtors)
 *(.init0)
 .init0         0x0000020a        0x0 c:/program files (x86)/atmel/atmel toolchain/avr8 gcc/native/3.4.1061/avr8-gnu-toolchain/bin/../lib/gcc/avr/4.8.1/../../../../avr/lib/avrxmega6/crtx128a3u.o
                0x0000020a                __init
 *(.init0)
 *(.init1)
 *(.init1)
 *(.init2)
 .init2         0x0000020a       0x10 c:/program files (x86)/atmel/atmel toolchain/avr8 gcc/native/3.4.1061/avr8-gnu-toolchain/bin/../lib/gcc/avr/4.8.1/../../../../avr/lib/avrxmega6/crtx128a3u.o
 *(.init2)
 *(.init3)
 *(.init3)
 *(.init4)
 .init4         0x0000021a       0x1a c:/program files (x86)/atmel/atmel toolchain/avr8 gcc/native/3.4.1061/avr8-gnu-toolchain/bin/../lib/gcc/avr/4.8.1/avrxmega6\libgcc.a(_copy_data.o)
                0x0000021a                __do_copy_data
 .init4         0x00000234       0x10 c:/program files (x86)/atmel/atmel toolchain/avr8 gcc/native/3.4.1061/avr8-gnu-toolchain/bin/../lib/gcc/avr/4.8.1/avrxmega6\libgcc.a(_clear_bss.o)
                0x00000234                __do_clear_bss
 *(.init4)
 *(.init5)
 *(.init5)
 *(.init6)
 *(.init6)
 *(.init7)
 *(.init7)
 *(.init8)
 *(.init8)
 *(.init9)
 .init9         0x00000244        0x4 c:/program files (x86)/atmel/atmel toolchain/avr8 gcc/native/3.4.1061/avr8-gnu-toolchain/bin/../lib/gcc/avr/4.8.1/../../../../avr/lib/avrxmega6/crtx128a3u.o
 *(.init9)
 *(.text)
 .text          0x00000248        0x2 c:/program files (x86)/atmel/atmel toolchain/avr8 gcc/native/3.4.1061/avr8-gnu-toolchain/bin/../lib/gcc/avr/4.8.1/../../../../avr/lib/avrxmega6/crtx128a3u.o
                0x00000248                __vector_38
                0x00000248                __vector_104
                0x00000248                __vector_22
                0x00000248                __vector_63
                0x00000248                __vector_28
                0x00000248                __vector_67
                0x00000248                __vector_1
                0x00000248                __vector_32
                0x00000248                __vector_75
                0x00000248                __vector_71
                0x00000248                __vector_34
                0x00000248                __vector_77
                0x00000248                __vector_102
                0x00000248                __vector_24
                0x00000248                __vector_12
                0x00000248                __vector_55
                0x00000248                __vector_69
                0x00000248                __vector_81
                0x00000248                __vector_90
                0x00000248                __vector_46
                0x00000248                __bad_interrupt
                0x00000248                __vector_122
                0x00000248                __vector_72
                0x00000248                __vector_114
                0x00000248                __vector_6
                0x00000248                __vector_110
                0x00000248                __vector_31
                0x00000248                __vector_35
                0x00000248                __vector_78
                0x00000248                __vector_74
                0x00000248                __vector_117
                0x00000248                __vector_39
                0x00000248                __vector_107
                0x00000248                __vector_3
                0x00000248                __vector_105
                0x00000248                __vector_98
                0x00000248                __vector_23
                0x00000248                __vector_68
                0x00000248                __vector_30
                0x00000248                __vector_73
                0x00000248                __vector_45
                0x00000248                __vector_93
                0x00000248                __vector_11
                0x00000248                __vector_54
                0x00000248                __vector_99
                0x00000248                __vector_13
                0x00000248                __vector_17
                0x00000248                __vector_19
                0x00000248                __vector_56
                0x00000248                __vector_7
                0x00000248                __vector_125
                0x00000248                __vector_49
                0x00000248                __vector_123
                0x00000248                __vector_41
                0x00000248                __vector_86
                0x00000248                __vector_100
                0x00000248                __vector_101
                0x00000248                __vector_64
                0x00000248                __vector_109
                0x00000248                __vector_43
                0x00000248                __vector_27
                0x00000248                __vector_5
                0x00000248                __vector_113
                0x00000248                __vector_33
                0x00000248                __vector_76
                0x00000248                __vector_115
                0x00000248                __vector_47
                0x00000248                __vector_52
                0x00000248                __vector_37
                0x00000248                __vector_95
                0x00000248                __vector_103
                0x00000248                __vector_96
                0x00000248                __vector_108
                0x00000248                __vector_4
                0x00000248                __vector_44
                0x00000248                __vector_82
                0x00000248                __vector_106
                0x00000248                __vector_118
                0x00000248                __vector_51
                0x00000248                __vector_9
                0x00000248                __vector_2
                0x00000248                __vector_21
                0x00000248                __vector_15
                0x00000248                __vector_66
                0x00000248                __vector_36
                0x00000248                __vector_79
                0x00000248                __vector_70
                0x00000248                __vector_83
                0x00000248                __vector_29
                0x00000248                __vector_60
                0x00000248                __vector_121
                0x00000248                __vector_40
                0x00000248                __vector_85
                0x00000248                __vector_94
                0x00000248                __vector_126
                0x00000248                __vector_8
                0x00000248                __vector_48
                0x00000248                __vector_124
                0x00000248                __vector_116
                0x00000248                __vector_112
                0x00000248                __vector_111
                0x00000248                __vector_80
                0x00000248                __vector_84
                0x00000248                __vector_57
                0x00000248                __vector_53
                0x00000248                __vector_10
                0x00000248                __vector_50
                0x00000248                __vector_16
                0x00000248                __vector_18
                0x00000248                __vector_97
                0x00000248                __vector_42
                0x00000248                __vector_87
                0x00000248                __vector_65
                0x0000024a                . = ALIGN (0x2)
 *(.text.*)
 .text._Z7armMainv
                0x0000024a       0x2c Arm.o
                0x0000024a                _Z7armMainv
 .text._Z11armGPIOInitv
                0x00000276       0x12 Arm.o
                0x00000276                _Z11armGPIOInitv
 .text._Z7armInitv
                0x00000288        0xc Arm.o
                0x00000288                _Z7armInitv
 .text.__vector_20
                0x00000294       0x30 BasicBrainBoard.o
                0x00000294                __vector_20
 .text.__vector_14
                0x000002c4       0x30 BasicBrainBoard.o
                0x000002c4                __vector_14
 .text.__vector_26
                0x000002f4       0x52 BasicBrainBoard.o
                0x000002f4                __vector_26
 .text._Z9uart_initv
                0x00000346       0x54 BasicBrainBoard.o
                0x00000346                _Z9uart_initv
 .text._Z10timer_initv
                0x0000039a       0x48 BasicBrainBoard.o
                0x0000039a                _Z10timer_initv
 .text._Z12SendStringPCPc
                0x000003e2       0x20 BasicBrainBoard.o
                0x000003e2                _Z12SendStringPCPc
 .text._Z23SetXMEGA32MhzCalibratedv
                0x00000402       0x32 BasicBrainBoard.o
                0x00000402                _Z23SetXMEGA32MhzCalibratedv
 .text.main     0x00000434       0xbc BasicBrainBoard.o
                0x00000434                main
 .text.__vector_25
                0x000004f0       0x98 ComputerInterface.o
                0x000004f0                __vector_25
 .text._Z26initializePacketProcessingv
                0x00000588       0x28 ComputerInterface.o
                0x00000588                _Z26initializePacketProcessingv
 .text.__vector_58
                0x000005b0       0x52 Drive.o
                0x000005b0                __vector_58
 .text.__vector_59
                0x00000602       0x52 Drive.o
                0x00000602                __vector_59
 .text.__vector_61
                0x00000654       0x52 Drive.o
                0x00000654                __vector_61
 .text.__vector_62
                0x000006a6       0x52 Drive.o
                0x000006a6                __vector_62
 .text.__vector_119
                0x000006f8       0x52 Drive.o
                0x000006f8                __vector_119
 .text.__vector_120
                0x0000074a       0x52 Drive.o
                0x0000074a                __vector_120
 .text.__vector_91
                0x0000079c       0x52 Drive.o
                0x0000079c                __vector_91
 .text.__vector_92
                0x000007ee       0x52 Drive.o
                0x000007ee                __vector_92
 .text.__vector_88
                0x00000840       0x52 Drive.o
                0x00000840                __vector_88
 .text.__vector_89
                0x00000892       0x52 Drive.o
                0x00000892                __vector_89
 .text._Z9driveInitv
                0x000008e4        0x2 Drive.o
                0x000008e4                _Z9driveInitv
 .text._Z19SendStringSABER_UNOPc
                0x000008e6       0x20 Drive.o
                0x000008e6                _Z19SendStringSABER_UNOPc
 .text._Z14Saber_init_unov
                0x00000906       0x4a Drive.o
                0x00000906                _Z14Saber_init_unov
 .text._Z9driveMainv
                0x00000950        0xa Drive.o
                0x00000950                _Z9driveMainv
 .text._Z9radioMainv
                0x0000095a        0x2 Radio.o
                0x0000095a                _Z9radioMainv
 .text._Z9radioInitv
                0x0000095c        0x2 Radio.o
                0x0000095c                _Z9radioInitv
 .text.USART_InterruptDriver_Initialize
                0x0000095e       0x12 usart_driver.o
                0x0000095e                USART_InterruptDriver_Initialize
 .text.USART_RXBufferData_Available
                0x00000970       0x10 usart_driver.o
                0x00000970                USART_RXBufferData_Available
 .text.USART_RXBuffer_GetByte
                0x00000980       0x18 usart_driver.o
                0x00000980                USART_RXBuffer_GetByte
 .text.USART_RXComplete
                0x00000998       0x2a usart_driver.o
                0x00000998                USART_RXComplete
 .text.USART_DataRegEmpty
                0x000009c2       0x34 usart_driver.o
                0x000009c2                USART_DataRegEmpty
 .text._Z11RGBSetColor9RGBColors
                0x000009f6       0xea XMegaLib.o
                0x000009f6                _Z11RGBSetColor9RGBColors
 .text._Z12initializeIOv
                0x00000ae0       0x18 XMegaLib.o
                0x00000ae0                _Z12initializeIOv
 .text._Z11determineIDPcR7XMEGAID
                0x00000af8       0xba XMegaLib.o
                0x00000af8                _Z11determineIDPcR7XMEGAID
 .text._Z17FlushSerialBufferP16Usart_and_buffer
                0x00000bb2       0x1a XMegaLib.o
                0x00000bb2                _Z17FlushSerialBufferP16Usart_and_buffer
 .text.libgcc   0x00000bcc        0xc c:/program files (x86)/atmel/atmel toolchain/avr8 gcc/native/3.4.1061/avr8-gnu-toolchain/bin/../lib/gcc/avr/4.8.1/avrxmega6\libgcc.a(_tablejump.o)
                0x00000bcc                __tablejump2__
                0x00000bd0                __tablejump__
                0x00000bd8                . = ALIGN (0x2)
 *(.fini9)
 .fini9         0x00000bd8        0x0 c:/program files (x86)/atmel/atmel toolchain/avr8 gcc/native/3.4.1061/avr8-gnu-toolchain/bin/../lib/gcc/avr/4.8.1/avrxmega6\libgcc.a(_exit.o)
                0x00000bd8                _exit
                0x00000bd8                exit
 *(.fini9)
 *(.fini8)
 *(.fini8)
 *(.fini7)
 *(.fini7)
 *(.fini6)
 *(.fini6)
 *(.fini5)
 *(.fini5)
 *(.fini4)
 *(.fini4)
 *(.fini3)
 *(.fini3)
 *(.fini2)
 *(.fini2)
 *(.fini1)
 *(.fini1)
 *(.fini0)
 .fini0         0x00000bd8        0x4 c:/program files (x86)/atmel/atmel toolchain/avr8 gcc/native/3.4.1061/avr8-gnu-toolchain/bin/../lib/gcc/avr/4.8.1/avrxmega6\libgcc.a(_exit.o)
 *(.fini0)
                0x00000bdc                _etext = .

.data           0x00802000       0x20 load address 0x00000bdc
                0x00802000                PROVIDE (__data_start, .)
 *(.data)
 *(.data*)
 *(.rodata)
 *(.rodata*)
 .rodata.str1.1
                0x00802000        0x9 Drive.o
 .rodata.str1.1
                0x00802009       0x17 XMegaLib.o
 *(.gnu.linkonce.d*)
                0x00802020                . = ALIGN (0x2)
                0x00802020                _edata = .
                0x00802020                PROVIDE (__data_end, .)

.bss            0x00802020       0x6f
                0x00802020                PROVIDE (__bss_start, .)
 *(.bss)
 *(.bss*)
 .bss.CurrentState
                0x00802020        0x1 BasicBrainBoard.o
                0x00802020                CurrentState
 .bss.recieveChar
                0x00802021        0x1 BasicBrainBoard.o
                0x00802021                recieveChar
 .bss.currentPacketSize
                0x00802022        0x1 BasicBrainBoard.o
                0x00802022                currentPacketSize
 .bss.CurrentID
                0x00802023        0x1 BasicBrainBoard.o
                0x00802023                CurrentID
 .bss.processPackets
                0x00802024        0x1 BasicBrainBoard.o
                0x00802024                processPackets
 .bss.USART_PC_Data
                0x00802025        0xf BasicBrainBoard.o
                0x00802025                USART_PC_Data
 .bss.recieveBuffer
                0x00802034        0xf ComputerInterface.o
                0x00802034                recieveBuffer
 .bss.bufferIndex
                0x00802043        0x1 ComputerInterface.o
                0x00802043                bufferIndex
 .bss.GIMBAL_USART
                0x00802044        0xf Drive.o
                0x00802044                GIMBAL_USART
 .bss.ARM_USART
                0x00802053        0xf Drive.o
                0x00802053                ARM_USART
 .bss.SABER_TRES
                0x00802062        0xf Drive.o
                0x00802062                SABER_TRES
 .bss.SABER_DOS
                0x00802071        0xf Drive.o
                0x00802071                SABER_DOS
 .bss.SABER_UNO
                0x00802080        0xf Drive.o
                0x00802080                SABER_UNO
 *(COMMON)
                0x0080208f                PROVIDE (__bss_end, .)
                0x00000bdc                __data_load_start = LOADADDR (.data)
                0x00000bfc                __data_load_end = (__data_load_start + SIZEOF (.data))

.noinit         0x0080208f        0x0
                0x0080208f                PROVIDE (__noinit_start, .)
 *(.noinit*)
                0x0080208f                PROVIDE (__noinit_end, .)
                0x0080208f                _end = .
                0x0080208f                PROVIDE (__heap_start, .)

.eeprom         0x00810000        0x0
 *(.eeprom*)
                0x00810000                __eeprom_end = .

.fuse
 *(.fuse)
 *(.lfuse)
 *(.hfuse)
 *(.efuse)

.lock
 *(.lock*)

.signature
 *(.signature*)

.user_signatures
 *(.user_signatures*)

.stab
 *(.stab)

.stabstr
 *(.stabstr)

.stab.excl
 *(.stab.excl)

.stab.exclstr
 *(.stab.exclstr)

.stab.index
 *(.stab.index)

.stab.indexstr
 *(.stab.indexstr)

.comment        0x00000000       0x30
 *(.comment)
 .comment       0x00000000       0x30 Arm.o
                                 0x31 (size before relaxing)
 .comment       0x00000000       0x31 BasicBrainBoard.o
 .comment       0x00000000       0x31 ComputerInterface.o
 .comment       0x00000000       0x31 Drive.o
 .comment       0x00000000       0x31 Radio.o
 .comment       0x00000000       0x31 usart_driver.o
 .comment       0x00000000       0x31 XMegaLib.o

.note.gnu.build-id
 *(.note.gnu.build-id)

.debug
 *(.debug)

.line
 *(.line)

.debug_srcinfo
 *(.debug_srcinfo)

.debug_sfnames
 *(.debug_sfnames)

.debug_aranges  0x00000000      0x2a0
 *(.debug_aranges)
 .debug_aranges
                0x00000000       0x30 Arm.o
 .debug_aranges
                0x00000030       0x68 BasicBrainBoard.o
 .debug_aranges
                0x00000098       0x28 ComputerInterface.o
 .debug_aranges
                0x000000c0       0xc0 Drive.o
 .debug_aranges
                0x00000180       0x28 Radio.o
 .debug_aranges
                0x000001a8       0x68 usart_driver.o
 .debug_aranges
                0x00000210       0x90 XMegaLib.o

.debug_pubnames
 *(.debug_pubnames)

.debug_info     0x00000000     0x44bc
 *(.debug_info .gnu.linkonce.wi.*)
 .debug_info    0x00000000      0x386 Arm.o
 .debug_info    0x00000386     0x1704 BasicBrainBoard.o
 .debug_info    0x00001a8a      0x39d ComputerInterface.o
 .debug_info    0x00001e27      0x9e4 Drive.o
 .debug_info    0x0000280b       0xa2 Radio.o
 .debug_info    0x000028ad      0x586 usart_driver.o
 .debug_info    0x00002e33     0x1689 XMegaLib.o

.debug_abbrev   0x00000000      0xcd1
 *(.debug_abbrev)
 .debug_abbrev  0x00000000      0x16e Arm.o
 .debug_abbrev  0x0000016e      0x29a BasicBrainBoard.o
 .debug_abbrev  0x00000408      0x16d ComputerInterface.o
 .debug_abbrev  0x00000575      0x1f4 Drive.o
 .debug_abbrev  0x00000769       0x45 Radio.o
 .debug_abbrev  0x000007ae      0x203 usart_driver.o
 .debug_abbrev  0x000009b1      0x320 XMegaLib.o

.debug_line     0x00000000     0x1484
 *(.debug_line .debug_line.* .debug_line_end)
 .debug_line    0x00000000      0x216 Arm.o
 .debug_line    0x00000216      0x40c BasicBrainBoard.o
 .debug_line    0x00000622      0x1c6 ComputerInterface.o
 .debug_line    0x000007e8      0x4a8 Drive.o
 .debug_line    0x00000c90       0x4c Radio.o
 .debug_line    0x00000cdc      0x314 usart_driver.o
 .debug_line    0x00000ff0      0x494 XMegaLib.o

.debug_frame    0x00000000      0x848
 *(.debug_frame)
 .debug_frame   0x00000000       0x44 Arm.o
 .debug_frame   0x00000044      0x144 BasicBrainBoard.o
 .debug_frame   0x00000188       0x84 ComputerInterface.o
 .debug_frame   0x0000020c      0x434 Drive.o
 .debug_frame   0x00000640       0x34 Radio.o
 .debug_frame   0x00000674       0xc4 usart_driver.o
 .debug_frame   0x00000738      0x110 XMegaLib.o

.debug_str      0x00000000     0x1811
 *(.debug_str)
 .debug_str     0x00000000      0x314 Arm.o
                                0x348 (size before relaxing)
 .debug_str     0x00000314      0xc7e BasicBrainBoard.o
                                0xfa9 (size before relaxing)
 .debug_str     0x00000f92       0x98 ComputerInterface.o
                                0x47f (size before relaxing)
 .debug_str     0x0000102a      0x1ff Drive.o
                                0x7bf (size before relaxing)
 .debug_str     0x00001229        0xf Radio.o
                                0x1fd (size before relaxing)
 .debug_str     0x00001238      0x1a4 usart_driver.o
                                0x494 (size before relaxing)
 .debug_str     0x000013dc      0x435 XMegaLib.o
                                0xc5e (size before relaxing)

.debug_loc      0x00000000     0x12d8
 *(.debug_loc)
 .debug_loc     0x00000000      0x28b BasicBrainBoard.o
 .debug_loc     0x0000028b       0xe5 ComputerInterface.o
 .debug_loc     0x00000370      0x962 Drive.o
 .debug_loc     0x00000cd2      0x3ef usart_driver.o
 .debug_loc     0x000010c1      0x217 XMegaLib.o

.debug_macinfo
 *(.debug_macinfo)

.debug_weaknames
 *(.debug_weaknames)

.debug_funcnames
 *(.debug_funcnames)

.debug_typenames
 *(.debug_typenames)

.debug_varnames
 *(.debug_varnames)

.debug_pubtypes
 *(.debug_pubtypes)

.debug_ranges   0x00000000      0x248
 *(.debug_ranges)
 .debug_ranges  0x00000000       0x20 Arm.o
 .debug_ranges  0x00000020       0x70 BasicBrainBoard.o
 .debug_ranges  0x00000090       0x18 ComputerInterface.o
 .debug_ranges  0x000000a8       0xb0 Drive.o
 .debug_ranges  0x00000158       0x18 Radio.o
 .debug_ranges  0x00000170       0x58 usart_driver.o
 .debug_ranges  0x000001c8       0x80 XMegaLib.o

.debug_macro
 *(.debug_macro)
OUTPUT(BasicBrainBoard.elf elf32-avr)
LOAD linker stubs
