Archive member included because of file (symbol)

c:/program files (x86)/atmel/atmel toolchain/avr8 gcc/native/3.4.1056/avr8-gnu-toolchain/bin/../lib/gcc/avr/4.8.1/avrxmega6\libgcc.a(_exit.o)
                              c:/program files (x86)/atmel/atmel toolchain/avr8 gcc/native/3.4.1056/avr8-gnu-toolchain/bin/../lib/gcc/avr/4.8.1/../../../../avr/lib/avrxmega6/crtx128a3u.o (exit)
c:/program files (x86)/atmel/atmel toolchain/avr8 gcc/native/3.4.1056/avr8-gnu-toolchain/bin/../lib/gcc/avr/4.8.1/avrxmega6\libgcc.a(_tablejump.o)
                              XMegaLib.o (__tablejump2__)
c:/program files (x86)/atmel/atmel toolchain/avr8 gcc/native/3.4.1056/avr8-gnu-toolchain/bin/../lib/gcc/avr/4.8.1/avrxmega6\libgcc.a(_copy_data.o)
                              BasicBrainBoard.o (__do_copy_data)
c:/program files (x86)/atmel/atmel toolchain/avr8 gcc/native/3.4.1056/avr8-gnu-toolchain/bin/../lib/gcc/avr/4.8.1/avrxmega6\libgcc.a(_clear_bss.o)
                              BasicBrainBoard.o (__do_clear_bss)

Discarded input sections

 .bss           0x00000000        0x0 c:/program files (x86)/atmel/atmel toolchain/avr8 gcc/native/3.4.1056/avr8-gnu-toolchain/bin/../lib/gcc/avr/4.8.1/../../../../avr/lib/avrxmega6/crtx128a3u.o
 .text          0x00000000        0x0 BasicBrainBoard.o
 .bss           0x00000000        0x0 BasicBrainBoard.o
 .bss.CurrentState
                0x00000000        0x1 BasicBrainBoard.o
 .bss.SendBuffer
                0x00000000       0x64 BasicBrainBoard.o
 .bss.recieveBuffer
                0x00000000        0xa BasicBrainBoard.o
 .text          0x00000000        0x0 usart_driver.o
 .bss           0x00000000        0x0 usart_driver.o
 .text.USART_InterruptDriver_DreInterruptLevel_Set
                0x00000000        0x6 usart_driver.o
 .text.USART_TXBuffer_FreeSpace
                0x00000000       0x14 usart_driver.o
 .text.USART_TXBuffer_PutByte
                0x00000000       0x38 usart_driver.o
 .text.USART_NineBits_PutChar
                0x00000000       0x18 usart_driver.o
 .text.USART_NineBits_GetChar
                0x00000000       0x18 usart_driver.o
 .text          0x00000000        0x0 XMegaLib.o
 .bss           0x00000000        0x0 XMegaLib.o
 .text          0x00000000        0x0 c:/program files (x86)/atmel/atmel toolchain/avr8 gcc/native/3.4.1056/avr8-gnu-toolchain/bin/../lib/gcc/avr/4.8.1/avrxmega6\libgcc.a(_exit.o)
 .bss           0x00000000        0x0 c:/program files (x86)/atmel/atmel toolchain/avr8 gcc/native/3.4.1056/avr8-gnu-toolchain/bin/../lib/gcc/avr/4.8.1/avrxmega6\libgcc.a(_exit.o)
 .text.libgcc.mul
                0x00000000        0x0 c:/program files (x86)/atmel/atmel toolchain/avr8 gcc/native/3.4.1056/avr8-gnu-toolchain/bin/../lib/gcc/avr/4.8.1/avrxmega6\libgcc.a(_exit.o)
 .text.libgcc.div
                0x00000000        0x0 c:/program files (x86)/atmel/atmel toolchain/avr8 gcc/native/3.4.1056/avr8-gnu-toolchain/bin/../lib/gcc/avr/4.8.1/avrxmega6\libgcc.a(_exit.o)
 .text.libgcc   0x00000000        0x0 c:/program files (x86)/atmel/atmel toolchain/avr8 gcc/native/3.4.1056/avr8-gnu-toolchain/bin/../lib/gcc/avr/4.8.1/avrxmega6\libgcc.a(_exit.o)
 .text.libgcc.prologue
                0x00000000        0x0 c:/program files (x86)/atmel/atmel toolchain/avr8 gcc/native/3.4.1056/avr8-gnu-toolchain/bin/../lib/gcc/avr/4.8.1/avrxmega6\libgcc.a(_exit.o)
 .text.libgcc.builtins
                0x00000000        0x0 c:/program files (x86)/atmel/atmel toolchain/avr8 gcc/native/3.4.1056/avr8-gnu-toolchain/bin/../lib/gcc/avr/4.8.1/avrxmega6\libgcc.a(_exit.o)
 .text.libgcc.fmul
                0x00000000        0x0 c:/program files (x86)/atmel/atmel toolchain/avr8 gcc/native/3.4.1056/avr8-gnu-toolchain/bin/../lib/gcc/avr/4.8.1/avrxmega6\libgcc.a(_exit.o)
 .text.libgcc.fixed
                0x00000000        0x0 c:/program files (x86)/atmel/atmel toolchain/avr8 gcc/native/3.4.1056/avr8-gnu-toolchain/bin/../lib/gcc/avr/4.8.1/avrxmega6\libgcc.a(_exit.o)
 .text          0x00000000        0x0 c:/program files (x86)/atmel/atmel toolchain/avr8 gcc/native/3.4.1056/avr8-gnu-toolchain/bin/../lib/gcc/avr/4.8.1/avrxmega6\libgcc.a(_tablejump.o)
 .bss           0x00000000        0x0 c:/program files (x86)/atmel/atmel toolchain/avr8 gcc/native/3.4.1056/avr8-gnu-toolchain/bin/../lib/gcc/avr/4.8.1/avrxmega6\libgcc.a(_tablejump.o)
 .text.libgcc.mul
                0x00000000        0x0 c:/program files (x86)/atmel/atmel toolchain/avr8 gcc/native/3.4.1056/avr8-gnu-toolchain/bin/../lib/gcc/avr/4.8.1/avrxmega6\libgcc.a(_tablejump.o)
 .text.libgcc.div
                0x00000000        0x0 c:/program files (x86)/atmel/atmel toolchain/avr8 gcc/native/3.4.1056/avr8-gnu-toolchain/bin/../lib/gcc/avr/4.8.1/avrxmega6\libgcc.a(_tablejump.o)
 .text.libgcc.prologue
                0x00000000        0x0 c:/program files (x86)/atmel/atmel toolchain/avr8 gcc/native/3.4.1056/avr8-gnu-toolchain/bin/../lib/gcc/avr/4.8.1/avrxmega6\libgcc.a(_tablejump.o)
 .text.libgcc.builtins
                0x00000000        0x0 c:/program files (x86)/atmel/atmel toolchain/avr8 gcc/native/3.4.1056/avr8-gnu-toolchain/bin/../lib/gcc/avr/4.8.1/avrxmega6\libgcc.a(_tablejump.o)
 .text.libgcc.fmul
                0x00000000        0x0 c:/program files (x86)/atmel/atmel toolchain/avr8 gcc/native/3.4.1056/avr8-gnu-toolchain/bin/../lib/gcc/avr/4.8.1/avrxmega6\libgcc.a(_tablejump.o)
 .text.libgcc.fixed
                0x00000000        0x0 c:/program files (x86)/atmel/atmel toolchain/avr8 gcc/native/3.4.1056/avr8-gnu-toolchain/bin/../lib/gcc/avr/4.8.1/avrxmega6\libgcc.a(_tablejump.o)
 .text          0x00000000        0x0 c:/program files (x86)/atmel/atmel toolchain/avr8 gcc/native/3.4.1056/avr8-gnu-toolchain/bin/../lib/gcc/avr/4.8.1/avrxmega6\libgcc.a(_copy_data.o)
 .bss           0x00000000        0x0 c:/program files (x86)/atmel/atmel toolchain/avr8 gcc/native/3.4.1056/avr8-gnu-toolchain/bin/../lib/gcc/avr/4.8.1/avrxmega6\libgcc.a(_copy_data.o)
 .text.libgcc.mul
                0x00000000        0x0 c:/program files (x86)/atmel/atmel toolchain/avr8 gcc/native/3.4.1056/avr8-gnu-toolchain/bin/../lib/gcc/avr/4.8.1/avrxmega6\libgcc.a(_copy_data.o)
 .text.libgcc.div
                0x00000000        0x0 c:/program files (x86)/atmel/atmel toolchain/avr8 gcc/native/3.4.1056/avr8-gnu-toolchain/bin/../lib/gcc/avr/4.8.1/avrxmega6\libgcc.a(_copy_data.o)
 .text.libgcc   0x00000000        0x0 c:/program files (x86)/atmel/atmel toolchain/avr8 gcc/native/3.4.1056/avr8-gnu-toolchain/bin/../lib/gcc/avr/4.8.1/avrxmega6\libgcc.a(_copy_data.o)
 .text.libgcc.prologue
                0x00000000        0x0 c:/program files (x86)/atmel/atmel toolchain/avr8 gcc/native/3.4.1056/avr8-gnu-toolchain/bin/../lib/gcc/avr/4.8.1/avrxmega6\libgcc.a(_copy_data.o)
 .text.libgcc.builtins
                0x00000000        0x0 c:/program files (x86)/atmel/atmel toolchain/avr8 gcc/native/3.4.1056/avr8-gnu-toolchain/bin/../lib/gcc/avr/4.8.1/avrxmega6\libgcc.a(_copy_data.o)
 .text.libgcc.fmul
                0x00000000        0x0 c:/program files (x86)/atmel/atmel toolchain/avr8 gcc/native/3.4.1056/avr8-gnu-toolchain/bin/../lib/gcc/avr/4.8.1/avrxmega6\libgcc.a(_copy_data.o)
 .text.libgcc.fixed
                0x00000000        0x0 c:/program files (x86)/atmel/atmel toolchain/avr8 gcc/native/3.4.1056/avr8-gnu-toolchain/bin/../lib/gcc/avr/4.8.1/avrxmega6\libgcc.a(_copy_data.o)
 .text          0x00000000        0x0 c:/program files (x86)/atmel/atmel toolchain/avr8 gcc/native/3.4.1056/avr8-gnu-toolchain/bin/../lib/gcc/avr/4.8.1/avrxmega6\libgcc.a(_clear_bss.o)
 .bss           0x00000000        0x0 c:/program files (x86)/atmel/atmel toolchain/avr8 gcc/native/3.4.1056/avr8-gnu-toolchain/bin/../lib/gcc/avr/4.8.1/avrxmega6\libgcc.a(_clear_bss.o)
 .text.libgcc.mul
                0x00000000        0x0 c:/program files (x86)/atmel/atmel toolchain/avr8 gcc/native/3.4.1056/avr8-gnu-toolchain/bin/../lib/gcc/avr/4.8.1/avrxmega6\libgcc.a(_clear_bss.o)
 .text.libgcc.div
                0x00000000        0x0 c:/program files (x86)/atmel/atmel toolchain/avr8 gcc/native/3.4.1056/avr8-gnu-toolchain/bin/../lib/gcc/avr/4.8.1/avrxmega6\libgcc.a(_clear_bss.o)
 .text.libgcc   0x00000000        0x0 c:/program files (x86)/atmel/atmel toolchain/avr8 gcc/native/3.4.1056/avr8-gnu-toolchain/bin/../lib/gcc/avr/4.8.1/avrxmega6\libgcc.a(_clear_bss.o)
 .text.libgcc.prologue
                0x00000000        0x0 c:/program files (x86)/atmel/atmel toolchain/avr8 gcc/native/3.4.1056/avr8-gnu-toolchain/bin/../lib/gcc/avr/4.8.1/avrxmega6\libgcc.a(_clear_bss.o)
 .text.libgcc.builtins
                0x00000000        0x0 c:/program files (x86)/atmel/atmel toolchain/avr8 gcc/native/3.4.1056/avr8-gnu-toolchain/bin/../lib/gcc/avr/4.8.1/avrxmega6\libgcc.a(_clear_bss.o)
 .text.libgcc.fmul
                0x00000000        0x0 c:/program files (x86)/atmel/atmel toolchain/avr8 gcc/native/3.4.1056/avr8-gnu-toolchain/bin/../lib/gcc/avr/4.8.1/avrxmega6\libgcc.a(_clear_bss.o)
 .text.libgcc.fixed
                0x00000000        0x0 c:/program files (x86)/atmel/atmel toolchain/avr8 gcc/native/3.4.1056/avr8-gnu-toolchain/bin/../lib/gcc/avr/4.8.1/avrxmega6\libgcc.a(_clear_bss.o)

Memory Configuration

Name             Origin             Length             Attributes
text             0x00000000         0x00100000         xr
data             0x00802000         0x0000ffa0         rw !x
eeprom           0x00810000         0x00010000         rw !x
fuse             0x00820000         0x00000400         rw !x
lock             0x00830000         0x00000400         rw !x
signature        0x00840000         0x00000400         rw !x
user_signatures  0x00850000         0x00000400         rw !x
*default*        0x00000000         0xffffffff

Linker script and memory map

LOAD c:/program files (x86)/atmel/atmel toolchain/avr8 gcc/native/3.4.1056/avr8-gnu-toolchain/bin/../lib/gcc/avr/4.8.1/../../../../avr/lib/avrxmega6/crtx128a3u.o
LOAD BasicBrainBoard.o
LOAD usart_driver.o
LOAD XMegaLib.o
START GROUP
LOAD c:/program files (x86)/atmel/atmel toolchain/avr8 gcc/native/3.4.1056/avr8-gnu-toolchain/bin/../lib/gcc/avr/4.8.1/../../../../avr/lib/avrxmega6\libm.a
END GROUP
LOAD c:/program files (x86)/atmel/atmel toolchain/avr8 gcc/native/3.4.1056/avr8-gnu-toolchain/bin/../lib/gcc/avr/4.8.1/avrxmega6\libgcc.a
LOAD c:/program files (x86)/atmel/atmel toolchain/avr8 gcc/native/3.4.1056/avr8-gnu-toolchain/bin/../lib/gcc/avr/4.8.1/../../../../avr/lib/avrxmega6\libm.a
START GROUP
LOAD c:/program files (x86)/atmel/atmel toolchain/avr8 gcc/native/3.4.1056/avr8-gnu-toolchain/bin/../lib/gcc/avr/4.8.1/avrxmega6\libgcc.a
LOAD c:/program files (x86)/atmel/atmel toolchain/avr8 gcc/native/3.4.1056/avr8-gnu-toolchain/bin/../lib/gcc/avr/4.8.1/../../../../avr/lib/avrxmega6\libm.a
LOAD c:/program files (x86)/atmel/atmel toolchain/avr8 gcc/native/3.4.1056/avr8-gnu-toolchain/bin/../lib/gcc/avr/4.8.1/../../../../avr/lib/avrxmega6\libc.a
END GROUP

.hash
 *(.hash)

.dynsym
 *(.dynsym)

.dynstr
 *(.dynstr)

.gnu.version
 *(.gnu.version)

.gnu.version_d
 *(.gnu.version_d)

.gnu.version_r
 *(.gnu.version_r)

.rel.init
 *(.rel.init)

.rela.init
 *(.rela.init)

.rel.text
 *(.rel.text)
 *(.rel.text.*)
 *(.rel.gnu.linkonce.t*)

.rela.text
 *(.rela.text)
 *(.rela.text.*)
 *(.rela.gnu.linkonce.t*)

.rel.fini
 *(.rel.fini)

.rela.fini
 *(.rela.fini)

.rel.rodata
 *(.rel.rodata)
 *(.rel.rodata.*)
 *(.rel.gnu.linkonce.r*)

.rela.rodata
 *(.rela.rodata)
 *(.rela.rodata.*)
 *(.rela.gnu.linkonce.r*)

.rel.data
 *(.rel.data)
 *(.rel.data.*)
 *(.rel.gnu.linkonce.d*)

.rela.data
 *(.rela.data)
 *(.rela.data.*)
 *(.rela.gnu.linkonce.d*)

.rel.ctors
 *(.rel.ctors)

.rela.ctors
 *(.rela.ctors)

.rel.dtors
 *(.rel.dtors)

.rela.dtors
 *(.rela.dtors)

.rel.got
 *(.rel.got)

.rela.got
 *(.rela.got)

.rel.bss
 *(.rel.bss)

.rela.bss
 *(.rela.bss)

.rel.plt
 *(.rel.plt)

.rela.plt
 *(.rela.plt)

.text           0x00000000      0x672
 *(.vectors)
 .vectors       0x00000000      0x1fc c:/program files (x86)/atmel/atmel toolchain/avr8 gcc/native/3.4.1056/avr8-gnu-toolchain/bin/../lib/gcc/avr/4.8.1/../../../../avr/lib/avrxmega6/crtx128a3u.o
                0x00000000                __vector_default
                0x00000000                __vectors
 *(.vectors)
 *(.progmem.gcc*)
 .progmem.gcc_sw_table._Z11RGBSetColor9RGBColors
                0x000001fc       0x10 XMegaLib.o
                0x0000020c                . = ALIGN (0x2)
                0x0000020c                __trampolines_start = .
 *(.trampolines)
 .trampolines   0x0000020c        0x0 linker stubs
 *(.trampolines*)
                0x0000020c                __trampolines_end = .
 *(.progmem*)
                0x0000020c                . = ALIGN (0x2)
 *(.jumptables)
 *(.jumptables*)
 *(.lowtext)
 *(.lowtext*)
                0x0000020c                __ctors_start = .
 *(.ctors)
                0x0000020c                __ctors_end = .
                0x0000020c                __dtors_start = .
 *(.dtors)
                0x0000020c                __dtors_end = .
 SORT(*)(.ctors)
 SORT(*)(.dtors)
 *(.init0)
 .init0         0x0000020c        0x0 c:/program files (x86)/atmel/atmel toolchain/avr8 gcc/native/3.4.1056/avr8-gnu-toolchain/bin/../lib/gcc/avr/4.8.1/../../../../avr/lib/avrxmega6/crtx128a3u.o
                0x0000020c                __init
 *(.init0)
 *(.init1)
 *(.init1)
 *(.init2)
 .init2         0x0000020c       0x10 c:/program files (x86)/atmel/atmel toolchain/avr8 gcc/native/3.4.1056/avr8-gnu-toolchain/bin/../lib/gcc/avr/4.8.1/../../../../avr/lib/avrxmega6/crtx128a3u.o
 *(.init2)
 *(.init3)
 *(.init3)
 *(.init4)
 .init4         0x0000021c       0x1a c:/program files (x86)/atmel/atmel toolchain/avr8 gcc/native/3.4.1056/avr8-gnu-toolchain/bin/../lib/gcc/avr/4.8.1/avrxmega6\libgcc.a(_copy_data.o)
                0x0000021c                __do_copy_data
 .init4         0x00000236       0x10 c:/program files (x86)/atmel/atmel toolchain/avr8 gcc/native/3.4.1056/avr8-gnu-toolchain/bin/../lib/gcc/avr/4.8.1/avrxmega6\libgcc.a(_clear_bss.o)
                0x00000236                __do_clear_bss
 *(.init4)
 *(.init5)
 *(.init5)
 *(.init6)
 *(.init6)
 *(.init7)
 *(.init7)
 *(.init8)
 *(.init8)
 *(.init9)
 .init9         0x00000246        0x4 c:/program files (x86)/atmel/atmel toolchain/avr8 gcc/native/3.4.1056/avr8-gnu-toolchain/bin/../lib/gcc/avr/4.8.1/../../../../avr/lib/avrxmega6/crtx128a3u.o
 *(.init9)
 *(.text)
 .text          0x0000024a        0x2 c:/program files (x86)/atmel/atmel toolchain/avr8 gcc/native/3.4.1056/avr8-gnu-toolchain/bin/../lib/gcc/avr/4.8.1/../../../../avr/lib/avrxmega6/crtx128a3u.o
                0x0000024a                __vector_38
                0x0000024a                __vector_104
                0x0000024a                __vector_22
                0x0000024a                __vector_63
                0x0000024a                __vector_28
                0x0000024a                __vector_67
                0x0000024a                __vector_1
                0x0000024a                __vector_119
                0x0000024a                __vector_32
                0x0000024a                __vector_75
                0x0000024a                __vector_71
                0x0000024a                __vector_91
                0x0000024a                __vector_34
                0x0000024a                __vector_62
                0x0000024a                __vector_77
                0x0000024a                __vector_102
                0x0000024a                __vector_24
                0x0000024a                __vector_12
                0x0000024a                __vector_55
                0x0000024a                __vector_69
                0x0000024a                __vector_81
                0x0000024a                __vector_90
                0x0000024a                __vector_46
                0x0000024a                __bad_interrupt
                0x0000024a                __vector_122
                0x0000024a                __vector_72
                0x0000024a                __vector_114
                0x0000024a                __vector_6
                0x0000024a                __vector_110
                0x0000024a                __vector_31
                0x0000024a                __vector_92
                0x0000024a                __vector_35
                0x0000024a                __vector_78
                0x0000024a                __vector_74
                0x0000024a                __vector_117
                0x0000024a                __vector_39
                0x0000024a                __vector_107
                0x0000024a                __vector_3
                0x0000024a                __vector_105
                0x0000024a                __vector_98
                0x0000024a                __vector_23
                0x0000024a                __vector_68
                0x0000024a                __vector_30
                0x0000024a                __vector_73
                0x0000024a                __vector_45
                0x0000024a                __vector_93
                0x0000024a                __vector_61
                0x0000024a                __vector_11
                0x0000024a                __vector_54
                0x0000024a                __vector_99
                0x0000024a                __vector_13
                0x0000024a                __vector_17
                0x0000024a                __vector_19
                0x0000024a                __vector_56
                0x0000024a                __vector_7
                0x0000024a                __vector_125
                0x0000024a                __vector_49
                0x0000024a                __vector_123
                0x0000024a                __vector_41
                0x0000024a                __vector_86
                0x0000024a                __vector_100
                0x0000024a                __vector_101
                0x0000024a                __vector_64
                0x0000024a                __vector_88
                0x0000024a                __vector_109
                0x0000024a                __vector_43
                0x0000024a                __vector_27
                0x0000024a                __vector_5
                0x0000024a                __vector_113
                0x0000024a                __vector_33
                0x0000024a                __vector_76
                0x0000024a                __vector_115
                0x0000024a                __vector_47
                0x0000024a                __vector_52
                0x0000024a                __vector_37
                0x0000024a                __vector_95
                0x0000024a                __vector_103
                0x0000024a                __vector_96
                0x0000024a                __vector_89
                0x0000024a                __vector_108
                0x0000024a                __vector_4
                0x0000024a                __vector_44
                0x0000024a                __vector_82
                0x0000024a                __vector_106
                0x0000024a                __vector_118
                0x0000024a                __vector_51
                0x0000024a                __vector_9
                0x0000024a                __vector_2
                0x0000024a                __vector_21
                0x0000024a                __vector_15
                0x0000024a                __vector_66
                0x0000024a                __vector_36
                0x0000024a                __vector_79
                0x0000024a                __vector_58
                0x0000024a                __vector_70
                0x0000024a                __vector_83
                0x0000024a                __vector_29
                0x0000024a                __vector_60
                0x0000024a                __vector_121
                0x0000024a                __vector_40
                0x0000024a                __vector_85
                0x0000024a                __vector_94
                0x0000024a                __vector_126
                0x0000024a                __vector_8
                0x0000024a                __vector_48
                0x0000024a                __vector_124
                0x0000024a                __vector_116
                0x0000024a                __vector_112
                0x0000024a                __vector_111
                0x0000024a                __vector_80
                0x0000024a                __vector_84
                0x0000024a                __vector_57
                0x0000024a                __vector_53
                0x0000024a                __vector_10
                0x0000024a                __vector_50
                0x0000024a                __vector_16
                0x0000024a                __vector_59
                0x0000024a                __vector_18
                0x0000024a                __vector_97
                0x0000024a                __vector_42
                0x0000024a                __vector_87
                0x0000024a                __vector_65
                0x0000024a                __vector_120
                0x0000024c                . = ALIGN (0x2)
 *(.text.*)
 .text.__vector_20
                0x0000024c       0x30 BasicBrainBoard.o
                0x0000024c                __vector_20
 .text.__vector_14
                0x0000027c       0x30 BasicBrainBoard.o
                0x0000027c                __vector_14
 .text.__vector_25
                0x000002ac       0x52 BasicBrainBoard.o
                0x000002ac                __vector_25
 .text.__vector_26
                0x000002fe       0x52 BasicBrainBoard.o
                0x000002fe                __vector_26
 .text._Z9uart_initv
                0x00000350       0x54 BasicBrainBoard.o
                0x00000350                _Z9uart_initv
 .text._Z10timer_initv
                0x000003a4       0x48 BasicBrainBoard.o
                0x000003a4                _Z10timer_initv
 .text._Z12SendStringPCPc
                0x000003ec       0x20 BasicBrainBoard.o
                0x000003ec                _Z12SendStringPCPc
 .text._Z23SetXMEGA32MhzCalibratedv
                0x0000040c       0x32 BasicBrainBoard.o
                0x0000040c                _Z23SetXMEGA32MhzCalibratedv
 .text.main     0x0000043e       0xa2 BasicBrainBoard.o
                0x0000043e                main
 .text.USART_InterruptDriver_Initialize
                0x000004e0       0x12 usart_driver.o
                0x000004e0                USART_InterruptDriver_Initialize
 .text.USART_RXBufferData_Available
                0x000004f2       0x10 usart_driver.o
                0x000004f2                USART_RXBufferData_Available
 .text.USART_RXBuffer_GetByte
                0x00000502       0x18 usart_driver.o
                0x00000502                USART_RXBuffer_GetByte
 .text.USART_RXComplete
                0x0000051a       0x2a usart_driver.o
                0x0000051a                USART_RXComplete
 .text.USART_DataRegEmpty
                0x00000544       0x34 usart_driver.o
                0x00000544                USART_DataRegEmpty
 .text._Z11RGBSetColor9RGBColors
                0x00000578       0xea XMegaLib.o
                0x00000578                _Z11RGBSetColor9RGBColors
 .text.libgcc   0x00000662        0xc c:/program files (x86)/atmel/atmel toolchain/avr8 gcc/native/3.4.1056/avr8-gnu-toolchain/bin/../lib/gcc/avr/4.8.1/avrxmega6\libgcc.a(_tablejump.o)
                0x00000662                __tablejump2__
                0x00000666                __tablejump__
                0x0000066e                . = ALIGN (0x2)
 *(.fini9)
 .fini9         0x0000066e        0x0 c:/program files (x86)/atmel/atmel toolchain/avr8 gcc/native/3.4.1056/avr8-gnu-toolchain/bin/../lib/gcc/avr/4.8.1/avrxmega6\libgcc.a(_exit.o)
                0x0000066e                _exit
                0x0000066e                exit
 *(.fini9)
 *(.fini8)
 *(.fini8)
 *(.fini7)
 *(.fini7)
 *(.fini6)
 *(.fini6)
 *(.fini5)
 *(.fini5)
 *(.fini4)
 *(.fini4)
 *(.fini3)
 *(.fini3)
 *(.fini2)
 *(.fini2)
 *(.fini1)
 *(.fini1)
 *(.fini0)
 .fini0         0x0000066e        0x4 c:/program files (x86)/atmel/atmel toolchain/avr8 gcc/native/3.4.1056/avr8-gnu-toolchain/bin/../lib/gcc/avr/4.8.1/avrxmega6\libgcc.a(_exit.o)
 *(.fini0)
                0x00000672                _etext = .

.data           0x00802000       0x4a load address 0x00000672
                0x00802000                PROVIDE (__data_start, .)
 *(.data)
 .data          0x00802000        0x0 c:/program files (x86)/atmel/atmel toolchain/avr8 gcc/native/3.4.1056/avr8-gnu-toolchain/bin/../lib/gcc/avr/4.8.1/../../../../avr/lib/avrxmega6/crtx128a3u.o
 .data          0x00802000        0x0 BasicBrainBoard.o
 .data          0x00802000        0x0 usart_driver.o
 .data          0x00802000        0x0 XMegaLib.o
 .data          0x00802000        0x0 c:/program files (x86)/atmel/atmel toolchain/avr8 gcc/native/3.4.1056/avr8-gnu-toolchain/bin/../lib/gcc/avr/4.8.1/avrxmega6\libgcc.a(_exit.o)
 .data          0x00802000        0x0 c:/program files (x86)/atmel/atmel toolchain/avr8 gcc/native/3.4.1056/avr8-gnu-toolchain/bin/../lib/gcc/avr/4.8.1/avrxmega6\libgcc.a(_tablejump.o)
 .data          0x00802000        0x0 c:/program files (x86)/atmel/atmel toolchain/avr8 gcc/native/3.4.1056/avr8-gnu-toolchain/bin/../lib/gcc/avr/4.8.1/avrxmega6\libgcc.a(_copy_data.o)
 .data          0x00802000        0x0 c:/program files (x86)/atmel/atmel toolchain/avr8 gcc/native/3.4.1056/avr8-gnu-toolchain/bin/../lib/gcc/avr/4.8.1/avrxmega6\libgcc.a(_clear_bss.o)
 *(.data*)
 *(.rodata)
 *(.rodata*)
 .rodata.str1.1
                0x00802000       0x4a BasicBrainBoard.o
 *(.gnu.linkonce.d*)
                0x0080204a                . = ALIGN (0x2)
                0x0080204a                _edata = .
                0x0080204a                PROVIDE (__data_end, .)

.bss            0x0080204a       0x10
                0x0080204a                PROVIDE (__bss_start, .)
 *(.bss)
 *(.bss*)
 .bss.recieveChar
                0x0080204a        0x1 BasicBrainBoard.o
                0x0080204a                recieveChar
 .bss.USART_PC_Data
                0x0080204b        0xf BasicBrainBoard.o
                0x0080204b                USART_PC_Data
 *(COMMON)
                0x0080205a                PROVIDE (__bss_end, .)
                0x00000672                __data_load_start = LOADADDR (.data)
                0x000006bc                __data_load_end = (__data_load_start + SIZEOF (.data))

.noinit         0x0080205a        0x0
                0x0080205a                PROVIDE (__noinit_start, .)
 *(.noinit*)
                0x0080205a                PROVIDE (__noinit_end, .)
                0x0080205a                _end = .
                0x0080205a                PROVIDE (__heap_start, .)

.eeprom         0x00810000        0x0
 *(.eeprom*)
                0x00810000                __eeprom_end = .

.fuse
 *(.fuse)
 *(.lfuse)
 *(.hfuse)
 *(.efuse)

.lock
 *(.lock*)

.signature
 *(.signature*)

.user_signatures
 *(.user_signatures*)

.stab
 *(.stab)

.stabstr
 *(.stabstr)

.stab.excl
 *(.stab.excl)

.stab.exclstr
 *(.stab.exclstr)

.stab.index
 *(.stab.index)

.stab.indexstr
 *(.stab.indexstr)

.comment        0x00000000       0x30
 *(.comment)
 .comment       0x00000000       0x30 BasicBrainBoard.o
                                 0x31 (size before relaxing)
 .comment       0x00000000       0x31 usart_driver.o
 .comment       0x00000000       0x31 XMegaLib.o

.note.gnu.build-id
 *(.note.gnu.build-id)

.debug
 *(.debug)

.line
 *(.line)

.debug_srcinfo
 *(.debug_srcinfo)

.debug_sfnames
 *(.debug_sfnames)

.debug_aranges  0x00000000       0xe8
 *(.debug_aranges)
 .debug_aranges
                0x00000000       0x60 BasicBrainBoard.o
 .debug_aranges
                0x00000060       0x68 usart_driver.o
 .debug_aranges
                0x000000c8       0x20 XMegaLib.o

.debug_pubnames
 *(.debug_pubnames)

.debug_info     0x00000000     0x27dc
 *(.debug_info .gnu.linkonce.wi.*)
 .debug_info    0x00000000     0x16af BasicBrainBoard.o
 .debug_info    0x000016af      0x586 usart_driver.o
 .debug_info    0x00001c35      0xba7 XMegaLib.o

.debug_abbrev   0x00000000      0x5c5
 *(.debug_abbrev)
 .debug_abbrev  0x00000000      0x2ca BasicBrainBoard.o
 .debug_abbrev  0x000002ca      0x203 usart_driver.o
 .debug_abbrev  0x000004cd       0xf8 XMegaLib.o

.debug_line     0x00000000      0x915
 *(.debug_line .debug_line.* .debug_line_end)
 .debug_line    0x00000000      0x40b BasicBrainBoard.o
 .debug_line    0x0000040b      0x314 usart_driver.o
 .debug_line    0x0000071f      0x1f6 XMegaLib.o

.debug_frame    0x00000000      0x254
 *(.debug_frame)
 .debug_frame   0x00000000      0x16c BasicBrainBoard.o
 .debug_frame   0x0000016c       0xc4 usart_driver.o
 .debug_frame   0x00000230       0x24 XMegaLib.o

.debug_str      0x00000000      0xfbc
 *(.debug_str)
 .debug_str     0x00000000      0xdff BasicBrainBoard.o
                                0xe7a (size before relaxing)
 .debug_str     0x00000dff      0x1a4 usart_driver.o
                                0x491 (size before relaxing)
 .debug_str     0x00000fa3       0x19 XMegaLib.o
                                0x550 (size before relaxing)

.debug_loc      0x00000000      0x750
 *(.debug_loc)
 .debug_loc     0x00000000      0x29f BasicBrainBoard.o
 .debug_loc     0x0000029f      0x3ef usart_driver.o
 .debug_loc     0x0000068e       0xc2 XMegaLib.o

.debug_macinfo
 *(.debug_macinfo)

.debug_weaknames
 *(.debug_weaknames)

.debug_funcnames
 *(.debug_funcnames)

.debug_typenames
 *(.debug_typenames)

.debug_varnames
 *(.debug_varnames)

.debug_pubtypes
 *(.debug_pubtypes)

.debug_ranges   0x00000000       0xb8
 *(.debug_ranges)
 .debug_ranges  0x00000000       0x50 BasicBrainBoard.o
 .debug_ranges  0x00000050       0x58 usart_driver.o
 .debug_ranges  0x000000a8       0x10 XMegaLib.o

.debug_macro
 *(.debug_macro)
OUTPUT(BasicBrainBoard.elf elf32-avr)
LOAD linker stubs
